2026-08-10 09:14:34,551 [INFO] brain.aca.engine_interface: EngineRegistry registered: desktop
2026-08-10 09:14:34,551 [INFO] brain.aca.engine_interface: EngineRegistry registered: browser
2026-08-10 09:14:34,551 [INFO] experts.expert_registry: [DomainExpertRegistry] Registered expert 'CybersecurityAuditExpert' for domain 'cybersecurity_audit'
2026-08-10 09:14:34,551 [INFO] voice.audio_manager: Audio Manager initialized
2026-08-10 09:14:34,551 [INFO] voice.vad: VAD initialized with mode: both
2026-08-10 09:14:34,551 [INFO] voice.wake_word: Wake word manager initialized with provider: local
2026-08-10 09:14:34,551 [INFO] voice.interruption_manager: Interruption manager initialized
2026-08-10 09:14:34,551 [INFO] voice.interruption_manager: Barge-in handler initialized
2026-08-10 09:14:34,551 [INFO] voice.voice_manager: Voice Manager initialized
2026-08-10 09:14:34,551 [INFO] core.orchestration.personal_os_runtime: Booting Aura Personal Operating System Runtime...
2026-08-10 09:14:34,551 [INFO] voice.wake_word: Wake word engine initialized with 2 phrases
2026-08-10 09:14:34,551 [INFO] voice.wake_word: Wake word manager initialized successfully
2026-08-10 09:14:34,781 [INFO] voice.audio_manager: Found 12 input devices
2026-08-10 09:14:34,781 [INFO] voice.audio_manager: Found 14 output devices
2026-08-10 09:14:34,781 [INFO] voice.audio_manager: Found 12 input devices
2026-08-10 09:14:34,781 [INFO] voice.audio_manager: Selected input device: Microsoft Sound Mapper - Input
2026-08-10 09:14:34,782 [INFO] voice.audio_manager: Found 14 output devices
2026-08-10 09:14:34,782 [INFO] voice.audio_manager: Selected output device: Microsoft Sound Mapper - Output
2026-08-10 09:14:34,782 [INFO] voice.voice_manager: Voice system started
2026-08-10 09:14:34,782 [INFO] voice.voice_manager: State changed: idle -> idle
2026-08-10 09:14:34,782 [INFO] voice.voice_manager: State changed: idle -> wake_listening
2026-08-10 09:14:34,782 [INFO] voice.continuous_loop: ContinuousVoiceLoop started and listening
2026-08-10 09:14:34,782 [INFO] h2_g4_g5_diagnostic: Runtime booted: BOOTED
2026-08-10 09:14:34,783 [INFO] h2_g4_g5_diagnostic: === G4 BROWSER LIFECYCLE PROBES ===
2026-08-10 09:14:34,792 [INFO] brain.executive.dmm: DMM produced [ExecutionMap:map_79985640] goal='Navigate to https://x.com' capabilities=['browser', 'desktop'] steps=3
2026-08-10 09:14:34,792 [INFO] brain.execution_coordinator: ExecutionCoordinator coordinating: 'Navigate to https://x.com' (3 steps)
2026-08-10 09:14:34,792 [INFO] brain.execution_coordinator: Coordinator step 1/3: [desktop] open_app
2026-08-10 09:14:34,817 [INFO] desktop.native.managers.native_manager_registry: Starting native manager discovery in package: 'desktop.native.managers'
2026-08-10 09:14:34,861 [INFO] desktop.native.managers.clipboard_manager: ClipboardManager initialized
2026-08-10 09:14:34,861 [INFO] desktop.native.managers.native_manager_registry: Registered native manager 'clipboard' with 13 capabilities.
2026-08-10 09:14:34,861 [INFO] desktop.native.managers.native_manager_registry: Registered native manager 'window' with 24 capabilities.
2026-08-10 09:14:35,017 [INFO] desktop.native.adapters.base_adapter_factory: Selected 'AudioAdapterFactory' active adapter: 'pycaw'
2026-08-10 09:14:35,017 [INFO] desktop.native.managers.native_manager_registry: Registered native manager 'audio' with 16 capabilities.
2026-08-10 09:14:35,059 [INFO] desktop.native.managers.native_manager_registry: Registered native manager 'display' with 18 capabilities.
2026-08-10 09:14:35,059 [INFO] desktop.native.managers.native_manager_registry: Registered native manager 'file' with 6 capabilities.
2026-08-10 09:14:35,250 [INFO] desktop.native.adapters.base_adapter_factory: Selected 'NetworkAdapterFactory' active adapter: 'wmi'
2026-08-10 09:14:36,897 [INFO] desktop.native.managers.native_manager_registry: Registered native manager 'network' with 27 capabilities.
2026-08-10 09:14:37,013 [INFO] desktop.native.adapters.base_adapter_factory: Selected 'PowerAdapterFactory' active adapter: 'wmi'
2026-08-10 09:14:37,013 [INFO] desktop.native.managers.native_manager_registry: Registered native manager 'power' with 16 capabilities.
2026-08-10 09:14:37,013 [INFO] desktop.native.managers.native_manager_registry: Auto-discovery complete. Registered 7 managers: ['clipboard', 'window', 'audio', 'display', 'file', 'network', 'power']
2026-08-10 09:14:37,013 [INFO] desktop.native.mock_manager: MockManager initialized with 3 mock windows
2026-08-10 09:14:37,013 [INFO] desktop.native.managers.native_manager_registry: Registered native manager 'mock' with 20 capabilities.
2026-08-10 09:14:37,013 [INFO] desktop.native.desktop_execution_engine: DesktopExecutionEngine initialized (manager=mock, capabilities=114)
2026-08-10 09:14:37,013 [INFO] desktop.native.desktop_execution_engine: 
============================================================
2026-08-10 09:14:37,013 [INFO] desktop.native.desktop_execution_engine: Desktop Execution Engine
2026-08-10 09:14:37,013 [INFO] desktop.native.desktop_execution_engine: ============================================================
2026-08-10 09:14:37,013 [INFO] desktop.native.desktop_execution_engine: Goal: Execute open_app
2026-08-10 09:14:37,013 [INFO] desktop.native.desktop_execution_engine: 
--- Stage: Registry Lookup ---
2026-08-10 09:14:37,013 [INFO] desktop.native.desktop_execution_engine:   Manager: window
2026-08-10 09:14:37,013 [INFO] desktop.native.desktop_execution_engine:   Permission: control
2026-08-10 09:14:37,013 [INFO] desktop.native.desktop_execution_engine:   Risk: low
2026-08-10 09:14:37,013 [INFO] desktop.native.desktop_execution_engine: 
--- Stage: Permission Check ---
2026-08-10 09:14:37,013 [INFO] desktop.native.desktop_execution_engine:   Permission: GRANTED
2026-08-10 09:14:37,013 [INFO] desktop.native.desktop_execution_engine: 
--- Stage: Pipeline Execute ---
2026-08-10 09:14:37,013 [INFO] desktop.native.managers.window_manager: Executing app_open
2026-08-10 09:14:37,022 [INFO] desktop.native.desktop_execution_engine: 
--- Stage: Verification ---
2026-08-10 09:14:37,330 [INFO] desktop.native.desktop_execution_engine:   Passed: True
2026-08-10 09:14:37,330 [INFO] desktop.native.desktop_execution_engine: 
--- Stage: Context Update ---
2026-08-10 09:14:37,330 [INFO] desktop.native.desktop_execution_engine:   Changes: 0
2026-08-10 09:14:37,330 [INFO] desktop.native.desktop_execution_engine: 
--- Stage: Events ---
2026-08-10 09:14:37,330 [INFO] desktop.native.desktop_execution_engine:   Published: window_action_completed
2026-08-10 09:14:37,330 [INFO] desktop.native.desktop_execution_engine: 
============================================================
2026-08-10 09:14:37,330 [INFO] desktop.native.desktop_execution_engine: Desktop Execution Complete
2026-08-10 09:14:37,330 [INFO] desktop.native.desktop_execution_engine: ============================================================
2026-08-10 09:14:37,330 [INFO] desktop.native.desktop_execution_engine: Status: ✓ SUCCESS
2026-08-10 09:14:37,330 [INFO] desktop.native.desktop_execution_engine: Goal: Execute open_app
2026-08-10 09:14:37,330 [INFO] desktop.native.desktop_execution_engine: Capability: app_open
2026-08-10 09:14:37,330 [INFO] desktop.native.desktop_execution_engine: Manager: window
2026-08-10 09:14:37,330 [INFO] desktop.native.desktop_execution_engine: Duration: 319.12ms
2026-08-10 09:14:37,330 [INFO] desktop.native.desktop_execution_engine: Events: ['window_action_completed']
2026-08-10 09:14:37,330 [INFO] desktop.native.desktop_execution_engine: Verification: True
2026-08-10 09:14:37,330 [INFO] desktop.native.desktop_execution_engine: Rollback available: False
2026-08-10 09:14:37,330 [INFO] desktop.native.desktop_execution_engine: Context changes: 0
2026-08-10 09:14:37,330 [INFO] desktop.native.desktop_execution_engine: ============================================================

2026-08-10 09:14:37,330 [WARNING] core.backends.adapters.desktop_backend: [DEBUG_DESKTOP_ENGINE] capability=app_open app_name=open_app res.success=True res.error=None res.data={'window_handle': 132302, 'process_id': 8528, 'reused': True, 'focused': True, 'title': 'm21_unit_persisted.txt - Notepad'}
2026-08-10 09:14:37,330 [INFO] core.orchestration.ownership_tracker: Registered resource [app] 'open_app' owned by 'aura'
2026-08-10 09:14:37,330 [INFO] core.orchestration.world_timeline: TimelineEvent [app_open]: Executed capability 'app_open' for 'open_app'
2026-08-10 09:14:37,330 [INFO] core.backends.adapters.desktop_backend: [DesktopBackend] app_open 'open_app' → SUCCESS | ✓ Open_App is open.
2026-08-10 09:14:37,837 [WARNING] brain.execution_coordinator: [DEBUG_COORD] step=1 action=open_app res_success=True v_report_passed=True evidence=['General window state confidence = 0.98']
2026-08-10 09:14:37,837 [INFO] brain.execution_coordinator: Step 1 succeeded
2026-08-10 09:14:37,839 [INFO] brain.execution_coordinator: Coordinator step 2/3: [browser] browser.navigate
2026-08-10 09:14:37,839 [INFO] core.backends.adapters.browser_backend: Playwright Browser Engine executing capability 'browser.navigate' for goal: 'Execute browser.navigate'
2026-08-10 09:14:38,353 [INFO] browser.engine: [BrowserEngine] Automatically attached newly opened browser page/tab.
2026-08-10 09:14:38,353 [INFO] browser.engine: BrowserEngine started (chromium, headless=True)
2026-08-10 09:15:07,844 [ERROR] core.backends.adapters.browser_backend: PlaywrightBrowserAdapter execution failed: 
Traceback (most recent call last):
  File "D:\Sreekanta\VS Code Project\Desktop AI\AuraAI\src\core\backends\adapters\browser_backend.py", line 139, in execute
    return fut.result(timeout=30)
           ^^^^^^^^^^^^^^^^^^^^^^
  File "C:\Users\yrsre\AppData\Local\Programs\Python\Python311\Lib\concurrent\futures\_base.py", line 458, in result
    raise TimeoutError()
TimeoutError
2026-08-10 09:15:07,868 [INFO] brain.execution_coordinator: [ExecutionCoordinator] Step 2 transient physical failure detected. Initiating re-observation and self-healing retry.
2026-08-10 09:15:08,169 [INFO] core.backends.adapters.browser_backend: Playwright Browser Engine executing capability 'browser.navigate' for goal: 'Execute browser.navigate'
2026-08-10 09:15:08,366 [ERROR] browser.engine: Navigation error for https://x.com: Page.goto: Timeout 30000ms exceeded.
Call log:
  - navigating to "https://x.com/", waiting until "domcontentloaded"

2026-08-10 09:15:19,805 [ERROR] browser.engine: Navigation error for https://x.com: 'NoneType' object has no attribute 'title'
2026-08-10 09:15:19,805 [WARNING] brain.execution_coordinator: [DEBUG_COORD] step=2 action=browser.navigate res_success=False v_report_passed=True evidence=["Browser URL 'https://x.com' matched expected 'https://x.com' -> True"]
2026-08-10 09:15:19,805 [WARNING] brain.execution_coordinator: Step 2 failed: 
2026-08-10 09:15:19,805 [INFO] brain.execution_coordinator: Coordinator step 3/3: [browser] open_app
2026-08-10 09:15:19,805 [INFO] core.backends.adapters.browser_backend: Playwright Browser Engine executing capability 'open_app' for goal: 'Execute open_app'
2026-08-10 09:15:19,806 [WARNING] brain.execution_coordinator: [DEBUG_COORD] step=3 action=open_app res_success=True v_report_passed=False evidence=['Browser page load state confidence = 0.4']
2026-08-10 09:15:19,806 [WARNING] brain.execution_coordinator: Step 3 failed: 
2026-08-10 09:15:19,806 [INFO] brain.execution_coordinator: ExecutionCoordinator completed: success=False (steps=False, goal=False), failed=2/3, time=45.01s
2026-08-10 09:15:19,806 [INFO] h2_g4_g5_diagnostic: G4-run#1 success=False status=FAILED verify=False
2026-08-10 09:15:19,806 [INFO] brain.executive.dmm: DMM produced [ExecutionMap:map_88fbbf8c] goal='Navigate to https://x.com' capabilities=['browser', 'desktop'] steps=3
2026-08-10 09:15:19,806 [INFO] brain.execution_coordinator: ExecutionCoordinator coordinating: 'Navigate to https://x.com' (3 steps)
2026-08-10 09:15:19,806 [INFO] brain.execution_coordinator: Coordinator step 1/3: [desktop] open_app
2026-08-10 09:15:19,815 [INFO] desktop.native.desktop_execution_engine: 
============================================================
2026-08-10 09:15:19,815 [INFO] desktop.native.desktop_execution_engine: Desktop Execution Engine
2026-08-10 09:15:19,815 [INFO] desktop.native.desktop_execution_engine: ============================================================
2026-08-10 09:15:19,815 [INFO] desktop.native.desktop_execution_engine: Goal: Execute open_app
2026-08-10 09:15:19,815 [INFO] desktop.native.desktop_execution_engine: 
--- Stage: Registry Lookup ---
2026-08-10 09:15:19,815 [INFO] desktop.native.desktop_execution_engine:   Manager: window
2026-08-10 09:15:19,815 [INFO] desktop.native.desktop_execution_engine:   Permission: control
2026-08-10 09:15:19,815 [INFO] desktop.native.desktop_execution_engine:   Risk: low
2026-08-10 09:15:19,815 [INFO] desktop.native.desktop_execution_engine: 
--- Stage: Permission Check ---
2026-08-10 09:15:19,815 [INFO] desktop.native.desktop_execution_engine:   Permission: GRANTED
2026-08-10 09:15:19,816 [INFO] desktop.native.desktop_execution_engine: 
--- Stage: Pipeline Execute ---
2026-08-10 09:15:19,819 [INFO] desktop.native.managers.window_manager: Executing app_open
2026-08-10 09:15:19,839 [INFO] desktop.native.desktop_execution_engine: 
--- Stage: Verification ---
2026-08-10 09:15:20,144 [INFO] desktop.native.desktop_execution_engine:   Passed: True
2026-08-10 09:15:20,144 [INFO] desktop.native.desktop_execution_engine: 
--- Stage: Context Update ---
2026-08-10 09:15:20,144 [INFO] desktop.native.desktop_execution_engine:   Changes: 0
2026-08-10 09:15:20,144 [INFO] desktop.native.desktop_execution_engine: 
--- Stage: Events ---
2026-08-10 09:15:20,144 [INFO] desktop.native.desktop_execution_engine:   Published: window_action_completed
2026-08-10 09:15:20,144 [INFO] desktop.native.desktop_execution_engine: 
============================================================
2026-08-10 09:15:20,145 [INFO] desktop.native.desktop_execution_engine: Desktop Execution Complete
2026-08-10 09:15:20,145 [INFO] desktop.native.desktop_execution_engine: ============================================================
2026-08-10 09:15:20,145 [INFO] desktop.native.desktop_execution_engine: Status: ✓ SUCCESS
2026-08-10 09:15:20,145 [INFO] desktop.native.desktop_execution_engine: Goal: Execute open_app
2026-08-10 09:15:20,145 [INFO] desktop.native.desktop_execution_engine: Capability: app_open
2026-08-10 09:15:20,145 [INFO] desktop.native.desktop_execution_engine: Manager: window
2026-08-10 09:15:20,145 [INFO] desktop.native.desktop_execution_engine: Duration: 329.09ms
2026-08-10 09:15:20,145 [INFO] desktop.native.desktop_execution_engine: Events: ['window_action_completed']
2026-08-10 09:15:20,145 [INFO] desktop.native.desktop_execution_engine: Verification: True
2026-08-10 09:15:20,145 [INFO] desktop.native.desktop_execution_engine: Rollback available: False
2026-08-10 09:15:20,145 [INFO] desktop.native.desktop_execution_engine: Context changes: 0
2026-08-10 09:15:20,145 [INFO] desktop.native.desktop_execution_engine: ============================================================

2026-08-10 09:15:20,145 [WARNING] core.backends.adapters.desktop_backend: [DEBUG_DESKTOP_ENGINE] capability=app_open app_name=open_app res.success=True res.error=None res.data={'window_handle': 132302, 'process_id': 8528, 'reused': True, 'focused': True, 'title': 'm21_unit_persisted.txt - Notepad'}
2026-08-10 09:15:20,145 [INFO] core.orchestration.ownership_tracker: Registered resource [app] 'open_app' owned by 'aura'
2026-08-10 09:15:20,145 [INFO] core.orchestration.world_timeline: TimelineEvent [app_open]: Executed capability 'app_open' for 'open_app'
2026-08-10 09:15:20,146 [INFO] core.backends.adapters.desktop_backend: [DesktopBackend] app_open 'open_app' → SUCCESS | ✓ Open_App is open.
2026-08-10 09:15:20,646 [WARNING] brain.execution_coordinator: [DEBUG_COORD] step=1 action=open_app res_success=True v_report_passed=True evidence=['General window state confidence = 0.98']
2026-08-10 09:15:20,646 [INFO] brain.execution_coordinator: Step 1 succeeded
2026-08-10 09:15:20,646 [INFO] brain.execution_coordinator: Coordinator step 2/3: [browser] browser.navigate
2026-08-10 09:15:20,646 [INFO] core.backends.adapters.browser_backend: Playwright Browser Engine executing capability 'browser.navigate' for goal: 'Execute browser.navigate'
2026-08-10 09:15:20,647 [WARNING] brain.execution_coordinator: [DEBUG_COORD] step=2 action=browser.navigate res_success=True v_report_passed=True evidence=["Browser URL 'https://x.com' matched expected 'https://x.com' -> True"]
2026-08-10 09:15:20,647 [INFO] brain.execution_coordinator: Step 2 succeeded
2026-08-10 09:15:20,647 [INFO] brain.execution_coordinator: Coordinator step 3/3: [browser] open_app
2026-08-10 09:15:20,647 [INFO] core.backends.adapters.browser_backend: Playwright Browser Engine executing capability 'open_app' for goal: 'Execute open_app'
2026-08-10 09:15:20,647 [WARNING] brain.execution_coordinator: [DEBUG_COORD] step=3 action=open_app res_success=True v_report_passed=False evidence=['Browser page load state confidence = 0.4']
2026-08-10 09:15:20,647 [WARNING] brain.execution_coordinator: Step 3 failed: 
2026-08-10 09:15:20,647 [INFO] brain.execution_coordinator: ExecutionCoordinator completed: success=False (steps=False, goal=False), failed=1/3, time=0.84s
2026-08-10 09:15:20,647 [INFO] h2_g4_g5_diagnostic: G4-run#2 success=False status=FAILED verify=False
2026-08-10 09:15:20,648 [INFO] brain.executive.dmm: DMM produced [ExecutionMap:map_5ca2ebd1] goal='Navigate to https://x.com' capabilities=['browser', 'desktop'] steps=3
2026-08-10 09:15:20,648 [INFO] brain.execution_coordinator: ExecutionCoordinator coordinating: 'Navigate to https://x.com' (3 steps)
2026-08-10 09:15:20,648 [INFO] brain.execution_coordinator: Coordinator step 1/3: [desktop] open_app
2026-08-10 09:15:20,653 [INFO] desktop.native.desktop_execution_engine: 
============================================================
2026-08-10 09:15:20,653 [INFO] desktop.native.desktop_execution_engine: Desktop Execution Engine
2026-08-10 09:15:20,653 [INFO] desktop.native.desktop_execution_engine: ============================================================
2026-08-10 09:15:20,654 [INFO] desktop.native.desktop_execution_engine: Goal: Execute open_app
2026-08-10 09:15:20,654 [INFO] desktop.native.desktop_execution_engine: 
--- Stage: Registry Lookup ---
2026-08-10 09:15:20,654 [INFO] desktop.native.desktop_execution_engine:   Manager: window
2026-08-10 09:15:20,654 [INFO] desktop.native.desktop_execution_engine:   Permission: control
2026-08-10 09:15:20,654 [INFO] desktop.native.desktop_execution_engine:   Risk: low
2026-08-10 09:15:20,654 [INFO] desktop.native.desktop_execution_engine: 
--- Stage: Permission Check ---
2026-08-10 09:15:20,654 [INFO] desktop.native.desktop_execution_engine:   Permission: GRANTED
2026-08-10 09:15:20,654 [INFO] desktop.native.desktop_execution_engine: 
--- Stage: Pipeline Execute ---
2026-08-10 09:15:20,657 [INFO] desktop.native.managers.window_manager: Executing app_open
2026-08-10 09:15:20,663 [INFO] desktop.native.desktop_execution_engine: 
--- Stage: Verification ---
2026-08-10 09:15:20,980 [INFO] desktop.native.desktop_execution_engine:   Passed: True
2026-08-10 09:15:20,980 [INFO] desktop.native.desktop_execution_engine: 
--- Stage: Context Update ---
2026-08-10 09:15:20,981 [INFO] desktop.native.desktop_execution_engine:   Changes: 0
2026-08-10 09:15:20,981 [INFO] desktop.native.desktop_execution_engine: 
--- Stage: Events ---
2026-08-10 09:15:20,981 [INFO] desktop.native.desktop_execution_engine:   Published: window_action_completed
2026-08-10 09:15:20,982 [INFO] desktop.native.desktop_execution_engine: 
============================================================
2026-08-10 09:15:20,982 [INFO] desktop.native.desktop_execution_engine: Desktop Execution Complete
2026-08-10 09:15:20,982 [INFO] desktop.native.desktop_execution_engine: ============================================================
2026-08-10 09:15:20,982 [INFO] desktop.native.desktop_execution_engine: Status: ✓ SUCCESS
2026-08-10 09:15:20,983 [INFO] desktop.native.desktop_execution_engine: Goal: Execute open_app
2026-08-10 09:15:20,983 [INFO] desktop.native.desktop_execution_engine: Capability: app_open
2026-08-10 09:15:20,983 [INFO] desktop.native.desktop_execution_engine: Manager: window
2026-08-10 09:15:20,984 [INFO] desktop.native.desktop_execution_engine: Duration: 328.36ms
2026-08-10 09:15:20,984 [INFO] desktop.native.desktop_execution_engine: Events: ['window_action_completed']
2026-08-10 09:15:20,984 [INFO] desktop.native.desktop_execution_engine: Verification: True
2026-08-10 09:15:20,984 [INFO] desktop.native.desktop_execution_engine: Rollback available: False
2026-08-10 09:15:20,985 [INFO] desktop.native.desktop_execution_engine: Context changes: 0
2026-08-10 09:15:20,985 [INFO] desktop.native.desktop_execution_engine: ============================================================

2026-08-10 09:15:20,986 [WARNING] core.backends.adapters.desktop_backend: [DEBUG_DESKTOP_ENGINE] capability=app_open app_name=open_app res.success=True res.error=None res.data={'window_handle': 132302, 'process_id': 8528, 'reused': True, 'focused': True, 'title': 'm21_unit_persisted.txt - Notepad'}
2026-08-10 09:15:20,986 [INFO] core.orchestration.ownership_tracker: Registered resource [app] 'open_app' owned by 'aura'
2026-08-10 09:15:20,988 [INFO] core.orchestration.world_timeline: TimelineEvent [app_open]: Executed capability 'app_open' for 'open_app'
2026-08-10 09:15:20,988 [INFO] core.backends.adapters.desktop_backend: [DesktopBackend] app_open 'open_app' → SUCCESS | ✓ Open_App is open.
2026-08-10 09:15:21,489 [WARNING] brain.execution_coordinator: [DEBUG_COORD] step=1 action=open_app res_success=True v_report_passed=True evidence=['General window state confidence = 0.98']
2026-08-10 09:15:21,489 [INFO] brain.execution_coordinator: Step 1 succeeded
2026-08-10 09:15:21,489 [INFO] brain.execution_coordinator: Coordinator step 2/3: [browser] browser.navigate
2026-08-10 09:15:21,489 [INFO] core.backends.adapters.browser_backend: Playwright Browser Engine executing capability 'browser.navigate' for goal: 'Execute browser.navigate'
2026-08-10 09:15:21,489 [WARNING] brain.execution_coordinator: [DEBUG_COORD] step=2 action=browser.navigate res_success=True v_report_passed=True evidence=["Browser URL 'https://x.com' matched expected 'https://x.com' -> True"]
2026-08-10 09:15:21,489 [INFO] brain.execution_coordinator: Step 2 succeeded
2026-08-10 09:15:21,489 [INFO] brain.execution_coordinator: Coordinator step 3/3: [browser] open_app
2026-08-10 09:15:21,489 [INFO] core.backends.adapters.browser_backend: Playwright Browser Engine executing capability 'open_app' for goal: 'Execute open_app'
2026-08-10 09:15:21,489 [WARNING] brain.execution_coordinator: [DEBUG_COORD] step=3 action=open_app res_success=True v_report_passed=False evidence=['Browser page load state confidence = 0.4']
2026-08-10 09:15:21,491 [WARNING] brain.execution_coordinator: Step 3 failed: 
2026-08-10 09:15:21,491 [INFO] brain.execution_coordinator: ExecutionCoordinator completed: success=False (steps=False, goal=False), failed=1/3, time=0.84s
2026-08-10 09:15:21,491 [INFO] h2_g4_g5_diagnostic: G4-run#3 success=False status=FAILED verify=False
2026-08-10 09:15:21,491 [INFO] brain.executive.dmm: DMM produced [ExecutionMap:map_09d00608] goal='Navigate to https://x.com' capabilities=['browser', 'desktop'] steps=3
2026-08-10 09:15:21,491 [INFO] brain.execution_coordinator: ExecutionCoordinator coordinating: 'Navigate to https://x.com' (3 steps)
2026-08-10 09:15:21,491 [INFO] brain.execution_coordinator: Coordinator step 1/3: [desktop] open_app
2026-08-10 09:15:21,491 [INFO] desktop.native.desktop_execution_engine: 
============================================================
2026-08-10 09:15:21,491 [INFO] desktop.native.desktop_execution_engine: Desktop Execution Engine
2026-08-10 09:15:21,491 [INFO] desktop.native.desktop_execution_engine: ============================================================
2026-08-10 09:15:21,491 [INFO] desktop.native.desktop_execution_engine: Goal: Execute open_app
2026-08-10 09:15:21,491 [INFO] desktop.native.desktop_execution_engine: 
--- Stage: Registry Lookup ---
2026-08-10 09:15:21,491 [INFO] desktop.native.desktop_execution_engine:   Manager: window
2026-08-10 09:15:21,491 [INFO] desktop.native.desktop_execution_engine:   Permission: control
2026-08-10 09:15:21,491 [INFO] desktop.native.desktop_execution_engine:   Risk: low
2026-08-10 09:15:21,491 [INFO] desktop.native.desktop_execution_engine: 
--- Stage: Permission Check ---
2026-08-10 09:15:21,491 [INFO] desktop.native.desktop_execution_engine:   Permission: GRANTED
2026-08-10 09:15:21,491 [INFO] desktop.native.desktop_execution_engine: 
--- Stage: Pipeline Execute ---
2026-08-10 09:15:21,499 [INFO] desktop.native.managers.window_manager: Executing app_open
2026-08-10 09:15:21,499 [INFO] desktop.native.desktop_execution_engine: 
--- Stage: Verification ---
2026-08-10 09:15:21,811 [INFO] desktop.native.desktop_execution_engine:   Passed: True
2026-08-10 09:15:21,811 [INFO] desktop.native.desktop_execution_engine: 
--- Stage: Context Update ---
2026-08-10 09:15:21,811 [INFO] desktop.native.desktop_execution_engine:   Changes: 0
2026-08-10 09:15:21,811 [INFO] desktop.native.desktop_execution_engine: 
--- Stage: Events ---
2026-08-10 09:15:21,811 [INFO] desktop.native.desktop_execution_engine:   Published: window_action_completed
2026-08-10 09:15:21,811 [INFO] desktop.native.desktop_execution_engine: 
============================================================
2026-08-10 09:15:21,811 [INFO] desktop.native.desktop_execution_engine: Desktop Execution Complete
2026-08-10 09:15:21,811 [INFO] desktop.native.desktop_execution_engine: ============================================================
2026-08-10 09:15:21,811 [INFO] desktop.native.desktop_execution_engine: Status: ✓ SUCCESS
2026-08-10 09:15:21,812 [INFO] desktop.native.desktop_execution_engine: Goal: Execute open_app
2026-08-10 09:15:21,812 [INFO] desktop.native.desktop_execution_engine: Capability: app_open
2026-08-10 09:15:21,812 [INFO] desktop.native.desktop_execution_engine: Manager: window
2026-08-10 09:15:21,812 [INFO] desktop.native.desktop_execution_engine: Duration: 315.18ms
2026-08-10 09:15:21,812 [INFO] desktop.native.desktop_execution_engine: Events: ['window_action_completed']
2026-08-10 09:15:21,812 [INFO] desktop.native.desktop_execution_engine: Verification: True
2026-08-10 09:15:21,812 [INFO] desktop.native.desktop_execution_engine: Rollback available: False
2026-08-10 09:15:21,812 [INFO] desktop.native.desktop_execution_engine: Context changes: 0
2026-08-10 09:15:21,812 [INFO] desktop.native.desktop_execution_engine: ============================================================

2026-08-10 09:15:21,812 [WARNING] core.backends.adapters.desktop_backend: [DEBUG_DESKTOP_ENGINE] capability=app_open app_name=open_app res.success=True res.error=None res.data={'window_handle': 132302, 'process_id': 8528, 'reused': True, 'focused': True, 'title': 'm21_unit_persisted.txt - Notepad'}
2026-08-10 09:15:21,812 [INFO] core.orchestration.ownership_tracker: Registered resource [app] 'open_app' owned by 'aura'
2026-08-10 09:15:21,812 [INFO] core.orchestration.world_timeline: TimelineEvent [app_open]: Executed capability 'app_open' for 'open_app'
2026-08-10 09:15:21,812 [INFO] core.backends.adapters.desktop_backend: [DesktopBackend] app_open 'open_app' → SUCCESS | ✓ Open_App is open.
2026-08-10 09:15:22,314 [WARNING] brain.execution_coordinator: [DEBUG_COORD] step=1 action=open_app res_success=True v_report_passed=True evidence=['General window state confidence = 0.98']
2026-08-10 09:15:22,314 [INFO] brain.execution_coordinator: Step 1 succeeded
2026-08-10 09:15:22,315 [INFO] brain.execution_coordinator: Coordinator step 2/3: [browser] browser.navigate
2026-08-10 09:15:22,315 [INFO] core.backends.adapters.browser_backend: Playwright Browser Engine executing capability 'browser.navigate' for goal: 'Execute browser.navigate'
2026-08-10 09:15:22,317 [WARNING] brain.execution_coordinator: [DEBUG_COORD] step=2 action=browser.navigate res_success=True v_report_passed=True evidence=["Browser URL 'https://x.com' matched expected 'https://x.com' -> True"]
2026-08-10 09:15:22,318 [INFO] brain.execution_coordinator: Step 2 succeeded
2026-08-10 09:15:22,318 [INFO] brain.execution_coordinator: Coordinator step 3/3: [browser] open_app
2026-08-10 09:15:22,319 [INFO] core.backends.adapters.browser_backend: Playwright Browser Engine executing capability 'open_app' for goal: 'Execute open_app'
2026-08-10 09:15:22,319 [WARNING] brain.execution_coordinator: [DEBUG_COORD] step=3 action=open_app res_success=True v_report_passed=False evidence=['Browser page load state confidence = 0.4']
2026-08-10 09:15:22,319 [WARNING] brain.execution_coordinator: Step 3 failed: 
2026-08-10 09:15:22,319 [INFO] brain.execution_coordinator: ExecutionCoordinator completed: success=False (steps=False, goal=False), failed=1/3, time=0.83s
2026-08-10 09:15:22,319 [INFO] h2_g4_g5_diagnostic: G4-run#4 success=False status=FAILED verify=False
2026-08-10 09:15:22,323 [INFO] brain.executive.dmm: DMM produced [ExecutionMap:map_1f6666c7] goal='Navigate to https://x.com' capabilities=['browser', 'desktop'] steps=3
2026-08-10 09:15:22,324 [INFO] brain.execution_coordinator: ExecutionCoordinator coordinating: 'Navigate to https://x.com' (3 steps)
2026-08-10 09:15:22,324 [INFO] brain.execution_coordinator: Coordinator step 1/3: [desktop] open_app
2026-08-10 09:15:22,341 [INFO] desktop.native.desktop_execution_engine: 
============================================================
2026-08-10 09:15:22,341 [INFO] desktop.native.desktop_execution_engine: Desktop Execution Engine
2026-08-10 09:15:22,341 [INFO] desktop.native.desktop_execution_engine: ============================================================
2026-08-10 09:15:22,341 [INFO] desktop.native.desktop_execution_engine: Goal: Execute open_app
2026-08-10 09:15:22,341 [INFO] desktop.native.desktop_execution_engine: 
--- Stage: Registry Lookup ---
2026-08-10 09:15:22,341 [INFO] desktop.native.desktop_execution_engine:   Manager: window
2026-08-10 09:15:22,341 [INFO] desktop.native.desktop_execution_engine:   Permission: control
2026-08-10 09:15:22,341 [INFO] desktop.native.desktop_execution_engine:   Risk: low
2026-08-10 09:15:22,341 [INFO] desktop.native.desktop_execution_engine: 
--- Stage: Permission Check ---
2026-08-10 09:15:22,341 [INFO] desktop.native.desktop_execution_engine:   Permission: GRANTED
2026-08-10 09:15:22,341 [INFO] desktop.native.desktop_execution_engine: 
--- Stage: Pipeline Execute ---
2026-08-10 09:15:22,357 [INFO] desktop.native.managers.window_manager: Executing app_open
2026-08-10 09:15:22,365 [INFO] desktop.native.desktop_execution_engine: 
--- Stage: Verification ---
2026-08-10 09:15:22,682 [INFO] desktop.native.desktop_execution_engine:   Passed: True
2026-08-10 09:15:22,682 [INFO] desktop.native.desktop_execution_engine: 
--- Stage: Context Update ---
2026-08-10 09:15:22,682 [INFO] desktop.native.desktop_execution_engine:   Changes: 0
2026-08-10 09:15:22,682 [INFO] desktop.native.desktop_execution_engine: 
--- Stage: Events ---
2026-08-10 09:15:22,682 [INFO] desktop.native.desktop_execution_engine:   Published: window_action_completed
2026-08-10 09:15:22,682 [INFO] desktop.native.desktop_execution_engine: 
============================================================
2026-08-10 09:15:22,682 [INFO] desktop.native.desktop_execution_engine: Desktop Execution Complete
2026-08-10 09:15:22,682 [INFO] desktop.native.desktop_execution_engine: ============================================================
2026-08-10 09:15:22,682 [INFO] desktop.native.desktop_execution_engine: Status: ✓ SUCCESS
2026-08-10 09:15:22,682 [INFO] desktop.native.desktop_execution_engine: Goal: Execute open_app
2026-08-10 09:15:22,689 [INFO] desktop.native.desktop_execution_engine: Capability: app_open
2026-08-10 09:15:22,689 [INFO] desktop.native.desktop_execution_engine: Manager: window
2026-08-10 09:15:22,690 [INFO] desktop.native.desktop_execution_engine: Duration: 346.22ms
2026-08-10 09:15:22,690 [INFO] desktop.native.desktop_execution_engine: Events: ['window_action_completed']
2026-08-10 09:15:22,690 [INFO] desktop.native.desktop_execution_engine: Verification: True
2026-08-10 09:15:22,690 [INFO] desktop.native.desktop_execution_engine: Rollback available: False
2026-08-10 09:15:22,692 [INFO] desktop.native.desktop_execution_engine: Context changes: 0
2026-08-10 09:15:22,692 [INFO] desktop.native.desktop_execution_engine: ============================================================

2026-08-10 09:15:22,692 [WARNING] core.backends.adapters.desktop_backend: [DEBUG_DESKTOP_ENGINE] capability=app_open app_name=open_app res.success=True res.error=None res.data={'window_handle': 132302, 'process_id': 8528, 'reused': True, 'focused': True, 'title': 'm21_unit_persisted.txt - Notepad'}
2026-08-10 09:15:22,695 [INFO] core.orchestration.ownership_tracker: Registered resource [app] 'open_app' owned by 'aura'
2026-08-10 09:15:22,695 [INFO] core.orchestration.world_timeline: TimelineEvent [app_open]: Executed capability 'app_open' for 'open_app'
2026-08-10 09:15:22,695 [INFO] core.backends.adapters.desktop_backend: [DesktopBackend] app_open 'open_app' → SUCCESS | ✓ Open_App is open.
2026-08-10 09:15:23,198 [WARNING] brain.execution_coordinator: [DEBUG_COORD] step=1 action=open_app res_success=True v_report_passed=True evidence=['General window state confidence = 0.98']
2026-08-10 09:15:23,198 [INFO] brain.execution_coordinator: Step 1 succeeded
2026-08-10 09:15:23,198 [INFO] brain.execution_coordinator: Coordinator step 2/3: [browser] browser.navigate
2026-08-10 09:15:23,198 [INFO] core.backends.adapters.browser_backend: Playwright Browser Engine executing capability 'browser.navigate' for goal: 'Execute browser.navigate'
2026-08-10 09:15:23,198 [WARNING] brain.execution_coordinator: [DEBUG_COORD] step=2 action=browser.navigate res_success=True v_report_passed=True evidence=["Browser URL 'https://x.com' matched expected 'https://x.com' -> True"]
2026-08-10 09:15:23,198 [INFO] brain.execution_coordinator: Step 2 succeeded
2026-08-10 09:15:23,198 [INFO] brain.execution_coordinator: Coordinator step 3/3: [browser] open_app
2026-08-10 09:15:23,198 [INFO] core.backends.adapters.browser_backend: Playwright Browser Engine executing capability 'open_app' for goal: 'Execute open_app'
2026-08-10 09:15:23,198 [WARNING] brain.execution_coordinator: [DEBUG_COORD] step=3 action=open_app res_success=True v_report_passed=False evidence=['Browser page load state confidence = 0.4']
2026-08-10 09:15:23,198 [WARNING] brain.execution_coordinator: Step 3 failed: 
2026-08-10 09:15:23,198 [INFO] brain.execution_coordinator: ExecutionCoordinator completed: success=False (steps=False, goal=False), failed=1/3, time=0.87s
2026-08-10 09:15:23,198 [INFO] h2_g4_g5_diagnostic: G4-run#5 success=False status=FAILED verify=False
2026-08-10 09:15:23,206 [INFO] brain.executive.dmm: DMM produced [ExecutionMap:map_36138b4d] goal='Navigate to https://x.com' capabilities=['browser', 'desktop'] steps=3
2026-08-10 09:15:23,208 [INFO] brain.execution_coordinator: ExecutionCoordinator coordinating: 'Navigate to https://x.com' (3 steps)
2026-08-10 09:15:23,208 [INFO] brain.execution_coordinator: Coordinator step 1/3: [desktop] open_app
2026-08-10 09:15:23,223 [INFO] desktop.native.desktop_execution_engine: 
============================================================
2026-08-10 09:15:23,223 [INFO] desktop.native.desktop_execution_engine: Desktop Execution Engine
2026-08-10 09:15:23,223 [INFO] desktop.native.desktop_execution_engine: ============================================================
2026-08-10 09:15:23,223 [INFO] desktop.native.desktop_execution_engine: Goal: Execute open_app
2026-08-10 09:15:23,230 [INFO] desktop.native.desktop_execution_engine: 
--- Stage: Registry Lookup ---
2026-08-10 09:15:23,230 [INFO] desktop.native.desktop_execution_engine:   Manager: window
2026-08-10 09:15:23,231 [INFO] desktop.native.desktop_execution_engine:   Permission: control
2026-08-10 09:15:23,232 [INFO] desktop.native.desktop_execution_engine:   Risk: low
2026-08-10 09:15:23,232 [INFO] desktop.native.desktop_execution_engine: 
--- Stage: Permission Check ---
2026-08-10 09:15:23,232 [INFO] desktop.native.desktop_execution_engine:   Permission: GRANTED
2026-08-10 09:15:23,232 [INFO] desktop.native.desktop_execution_engine: 
--- Stage: Pipeline Execute ---
2026-08-10 09:15:23,248 [INFO] desktop.native.managers.window_manager: Executing app_open
2026-08-10 09:15:23,275 [INFO] desktop.native.desktop_execution_engine: 
--- Stage: Verification ---
2026-08-10 09:15:23,589 [INFO] desktop.native.desktop_execution_engine:   Passed: True
2026-08-10 09:15:23,589 [INFO] desktop.native.desktop_execution_engine: 
--- Stage: Context Update ---
2026-08-10 09:15:23,589 [INFO] desktop.native.desktop_execution_engine:   Changes: 0
2026-08-10 09:15:23,596 [INFO] desktop.native.desktop_execution_engine: 
--- Stage: Events ---
2026-08-10 09:15:23,596 [INFO] desktop.native.desktop_execution_engine:   Published: window_action_completed
2026-08-10 09:15:23,597 [INFO] desktop.native.desktop_execution_engine: 
============================================================
2026-08-10 09:15:23,597 [INFO] desktop.native.desktop_execution_engine: Desktop Execution Complete
2026-08-10 09:15:23,597 [INFO] desktop.native.desktop_execution_engine: ============================================================
2026-08-10 09:15:23,597 [INFO] desktop.native.desktop_execution_engine: Status: ✓ SUCCESS
2026-08-10 09:15:23,597 [INFO] desktop.native.desktop_execution_engine: Goal: Execute open_app
2026-08-10 09:15:23,597 [INFO] desktop.native.desktop_execution_engine: Capability: app_open
2026-08-10 09:15:23,597 [INFO] desktop.native.desktop_execution_engine: Manager: window
2026-08-10 09:15:23,597 [INFO] desktop.native.desktop_execution_engine: Duration: 368.56ms
2026-08-10 09:15:23,597 [INFO] desktop.native.desktop_execution_engine: Events: ['window_action_completed']
2026-08-10 09:15:23,597 [INFO] desktop.native.desktop_execution_engine: Verification: True
2026-08-10 09:15:23,597 [INFO] desktop.native.desktop_execution_engine: Rollback available: False
2026-08-10 09:15:23,597 [INFO] desktop.native.desktop_execution_engine: Context changes: 0
2026-08-10 09:15:23,597 [INFO] desktop.native.desktop_execution_engine: ============================================================

2026-08-10 09:15:23,597 [WARNING] core.backends.adapters.desktop_backend: [DEBUG_DESKTOP_ENGINE] capability=app_open app_name=open_app res.success=True res.error=None res.data={'window_handle': 132302, 'process_id': 8528, 'reused': True, 'focused': True, 'title': 'm21_unit_persisted.txt - Notepad'}
2026-08-10 09:15:23,597 [INFO] core.orchestration.ownership_tracker: Registered resource [app] 'open_app' owned by 'aura'
2026-08-10 09:15:23,597 [INFO] core.orchestration.world_timeline: TimelineEvent [app_open]: Executed capability 'app_open' for 'open_app'
2026-08-10 09:15:23,597 [INFO] core.backends.adapters.desktop_backend: [DesktopBackend] app_open 'open_app' → SUCCESS | ✓ Open_App is open.
2026-08-10 09:15:24,105 [WARNING] brain.execution_coordinator: [DEBUG_COORD] step=1 action=open_app res_success=True v_report_passed=True evidence=['General window state confidence = 0.98']
2026-08-10 09:15:24,105 [INFO] brain.execution_coordinator: Step 1 succeeded
2026-08-10 09:15:24,105 [INFO] brain.execution_coordinator: Coordinator step 2/3: [browser] browser.navigate
2026-08-10 09:15:24,105 [INFO] core.backends.adapters.browser_backend: Playwright Browser Engine executing capability 'browser.navigate' for goal: 'Execute browser.navigate'
2026-08-10 09:15:24,105 [WARNING] brain.execution_coordinator: [DEBUG_COORD] step=2 action=browser.navigate res_success=True v_report_passed=True evidence=["Browser URL 'https://x.com' matched expected 'https://x.com' -> True"]
2026-08-10 09:15:24,105 [INFO] brain.execution_coordinator: Step 2 succeeded
2026-08-10 09:15:24,105 [INFO] brain.execution_coordinator: Coordinator step 3/3: [browser] open_app
2026-08-10 09:15:24,105 [INFO] core.backends.adapters.browser_backend: Playwright Browser Engine executing capability 'open_app' for goal: 'Execute open_app'
2026-08-10 09:15:24,105 [WARNING] brain.execution_coordinator: [DEBUG_COORD] step=3 action=open_app res_success=True v_report_passed=False evidence=['Browser page load state confidence = 0.4']
2026-08-10 09:15:24,105 [WARNING] brain.execution_coordinator: Step 3 failed: 
2026-08-10 09:15:24,105 [INFO] brain.execution_coordinator: ExecutionCoordinator completed: success=False (steps=False, goal=False), failed=1/3, time=0.90s
2026-08-10 09:15:24,112 [INFO] h2_g4_g5_diagnostic: G4-run#6 success=False status=FAILED verify=False
2026-08-10 09:15:24,112 [INFO] core.backends.adapters.browser_backend: Playwright Browser Engine executing capability 'browser.navigate' for goal: 'navigate browser to data:text/html,<h1>Endurance</h1>'
2026-08-10 09:15:24,669 [INFO] browser.engine: [BrowserEngine] Automatically attached newly opened browser page/tab.
2026-08-10 09:15:24,669 [INFO] browser.engine: BrowserEngine started (chromium, headless=True)
2026-08-10 09:15:24,686 [INFO] h2_g4_g5_diagnostic: G4-direct#1 success=True error=None
2026-08-10 09:15:24,686 [INFO] core.backends.adapters.browser_backend: Playwright Browser Engine executing capability 'browser.navigate' for goal: 'navigate browser to data:text/html,<h1>Endurance</h1>'
2026-08-10 09:15:24,706 [INFO] h2_g4_g5_diagnostic: G4-direct#2 success=True error=None
2026-08-10 09:15:24,706 [INFO] core.backends.adapters.browser_backend: Playwright Browser Engine executing capability 'browser.navigate' for goal: 'navigate browser to data:text/html,<h1>Endurance</h1>'
2026-08-10 09:15:24,727 [INFO] h2_g4_g5_diagnostic: G4-direct#3 success=True error=None
2026-08-10 09:15:24,727 [INFO] h2_g4_g5_diagnostic: === G5 VOICE/STT PROBES ===
2026-08-10 09:15:24,727 [INFO] brain.executive.dmm: DMM produced [ExecutionMap:map_838ae225] goal='Navigate to https://www.google.com' capabilities=['browser', 'desktop'] steps=3
2026-08-10 09:15:24,727 [INFO] brain.execution_coordinator: ExecutionCoordinator coordinating: 'Navigate to https://www.google.com' (3 steps)
2026-08-10 09:15:24,727 [INFO] brain.execution_coordinator: Coordinator step 1/3: [desktop] open_app
2026-08-10 09:15:24,733 [INFO] desktop.native.desktop_execution_engine: 
============================================================
2026-08-10 09:15:24,733 [INFO] desktop.native.desktop_execution_engine: Desktop Execution Engine
2026-08-10 09:15:24,734 [INFO] desktop.native.desktop_execution_engine: ============================================================
2026-08-10 09:15:24,734 [INFO] desktop.native.desktop_execution_engine: Goal: Execute open_app
2026-08-10 09:15:24,734 [INFO] desktop.native.desktop_execution_engine: 
--- Stage: Registry Lookup ---
2026-08-10 09:15:24,734 [INFO] desktop.native.desktop_execution_engine:   Manager: window
2026-08-10 09:15:24,734 [INFO] desktop.native.desktop_execution_engine:   Permission: control
2026-08-10 09:15:24,734 [INFO] desktop.native.desktop_execution_engine:   Risk: low
2026-08-10 09:15:24,734 [INFO] desktop.native.desktop_execution_engine: 
--- Stage: Permission Check ---
2026-08-10 09:15:24,734 [INFO] desktop.native.desktop_execution_engine:   Permission: GRANTED
2026-08-10 09:15:24,734 [INFO] desktop.native.desktop_execution_engine: 
--- Stage: Pipeline Execute ---
2026-08-10 09:15:24,739 [INFO] desktop.native.managers.window_manager: Executing app_open
2026-08-10 09:15:24,744 [INFO] desktop.native.desktop_execution_engine: 
--- Stage: Verification ---
2026-08-10 09:15:25,060 [INFO] desktop.native.desktop_execution_engine:   Passed: True
2026-08-10 09:15:25,060 [INFO] desktop.native.desktop_execution_engine: 
--- Stage: Context Update ---
2026-08-10 09:15:25,060 [INFO] desktop.native.desktop_execution_engine:   Changes: 0
2026-08-10 09:15:25,060 [INFO] desktop.native.desktop_execution_engine: 
--- Stage: Events ---
2026-08-10 09:15:25,060 [INFO] desktop.native.desktop_execution_engine:   Published: window_action_completed
2026-08-10 09:15:25,060 [INFO] desktop.native.desktop_execution_engine: 
============================================================
2026-08-10 09:15:25,060 [INFO] desktop.native.desktop_execution_engine: Desktop Execution Complete
2026-08-10 09:15:25,060 [INFO] desktop.native.desktop_execution_engine: ============================================================
2026-08-10 09:15:25,068 [INFO] desktop.native.desktop_execution_engine: Status: ✓ SUCCESS
2026-08-10 09:15:25,068 [INFO] desktop.native.desktop_execution_engine: Goal: Execute open_app
2026-08-10 09:15:25,068 [INFO] desktop.native.desktop_execution_engine: Capability: app_open
2026-08-10 09:15:25,068 [INFO] desktop.native.desktop_execution_engine: Manager: window
2026-08-10 09:15:25,068 [INFO] desktop.native.desktop_execution_engine: Duration: 333.29ms
2026-08-10 09:15:25,068 [INFO] desktop.native.desktop_execution_engine: Events: ['window_action_completed']
2026-08-10 09:15:25,068 [INFO] desktop.native.desktop_execution_engine: Verification: True
2026-08-10 09:15:25,068 [INFO] desktop.native.desktop_execution_engine: Rollback available: False
2026-08-10 09:15:25,068 [INFO] desktop.native.desktop_execution_engine: Context changes: 0
2026-08-10 09:15:25,068 [INFO] desktop.native.desktop_execution_engine: ============================================================

2026-08-10 09:15:25,068 [WARNING] core.backends.adapters.desktop_backend: [DEBUG_DESKTOP_ENGINE] capability=app_open app_name=open_app res.success=True res.error=None res.data={'window_handle': 132302, 'process_id': 8528, 'reused': True, 'focused': True, 'title': 'm21_unit_persisted.txt - Notepad'}
2026-08-10 09:15:25,068 [INFO] core.orchestration.ownership_tracker: Registered resource [app] 'open_app' owned by 'aura'
2026-08-10 09:15:25,068 [INFO] core.orchestration.world_timeline: TimelineEvent [app_open]: Executed capability 'app_open' for 'open_app'
2026-08-10 09:15:25,068 [INFO] core.backends.adapters.desktop_backend: [DesktopBackend] app_open 'open_app' → SUCCESS | ✓ Open_App is open.
2026-08-10 09:15:25,575 [WARNING] brain.execution_coordinator: [DEBUG_COORD] step=1 action=open_app res_success=True v_report_passed=True evidence=['General window state confidence = 0.98']
2026-08-10 09:15:25,575 [INFO] brain.execution_coordinator: Step 1 succeeded
2026-08-10 09:15:25,575 [INFO] brain.execution_coordinator: Coordinator step 2/3: [browser] browser.navigate
2026-08-10 09:15:25,575 [INFO] core.backends.adapters.browser_backend: Playwright Browser Engine executing capability 'browser.navigate' for goal: 'Execute browser.navigate'
2026-08-10 09:15:25,575 [WARNING] brain.execution_coordinator: [DEBUG_COORD] step=2 action=browser.navigate res_success=True v_report_passed=True evidence=["Browser URL 'https://www.google.com' matched expected 'https://www.google.com' -> True"]
2026-08-10 09:15:25,575 [INFO] brain.execution_coordinator: Step 2 succeeded
2026-08-10 09:15:25,575 [INFO] brain.execution_coordinator: Coordinator step 3/3: [browser] open_app
2026-08-10 09:15:25,575 [INFO] core.backends.adapters.browser_backend: Playwright Browser Engine executing capability 'open_app' for goal: 'Execute open_app'
2026-08-10 09:15:25,575 [WARNING] brain.execution_coordinator: [DEBUG_COORD] step=3 action=open_app res_success=True v_report_passed=False evidence=['Browser page load state confidence = 0.4']
2026-08-10 09:15:25,575 [WARNING] brain.execution_coordinator: Step 3 failed: 
2026-08-10 09:15:25,575 [INFO] brain.execution_coordinator: ExecutionCoordinator completed: success=False (steps=False, goal=False), failed=1/3, time=0.85s
2026-08-10 09:15:25,575 [INFO] h2_g4_g5_diagnostic: G5-run#1 success=False input_type=voice status=FAILED
2026-08-10 09:15:25,575 [INFO] brain.executive.dmm: DMM produced [ExecutionMap:map_553a6e00] goal='Navigate to https://www.google.com' capabilities=['browser', 'desktop'] steps=3
2026-08-10 09:15:25,575 [INFO] brain.execution_coordinator: ExecutionCoordinator coordinating: 'Navigate to https://www.google.com' (3 steps)
2026-08-10 09:15:25,575 [INFO] brain.execution_coordinator: Coordinator step 1/3: [desktop] open_app
2026-08-10 09:15:25,584 [INFO] desktop.native.desktop_execution_engine: 
============================================================
2026-08-10 09:15:25,584 [INFO] desktop.native.desktop_execution_engine: Desktop Execution Engine
2026-08-10 09:15:25,584 [INFO] desktop.native.desktop_execution_engine: ============================================================
2026-08-10 09:15:25,584 [INFO] desktop.native.desktop_execution_engine: Goal: Execute open_app
2026-08-10 09:15:25,584 [INFO] desktop.native.desktop_execution_engine: 
--- Stage: Registry Lookup ---
2026-08-10 09:15:25,584 [INFO] desktop.native.desktop_execution_engine:   Manager: window
2026-08-10 09:15:25,584 [INFO] desktop.native.desktop_execution_engine:   Permission: control
2026-08-10 09:15:25,584 [INFO] desktop.native.desktop_execution_engine:   Risk: low
2026-08-10 09:15:25,584 [INFO] desktop.native.desktop_execution_engine: 
--- Stage: Permission Check ---
2026-08-10 09:15:25,584 [INFO] desktop.native.desktop_execution_engine:   Permission: GRANTED
2026-08-10 09:15:25,584 [INFO] desktop.native.desktop_execution_engine: 
--- Stage: Pipeline Execute ---
2026-08-10 09:15:25,584 [INFO] desktop.native.managers.window_manager: Executing app_open
2026-08-10 09:15:25,592 [INFO] desktop.native.desktop_execution_engine: 
--- Stage: Verification ---
2026-08-10 09:15:25,900 [INFO] desktop.native.desktop_execution_engine:   Passed: True
2026-08-10 09:15:25,900 [INFO] desktop.native.desktop_execution_engine: 
--- Stage: Context Update ---
2026-08-10 09:15:25,900 [INFO] desktop.native.desktop_execution_engine:   Changes: 0
2026-08-10 09:15:25,900 [INFO] desktop.native.desktop_execution_engine: 
--- Stage: Events ---
2026-08-10 09:15:25,900 [INFO] desktop.native.desktop_execution_engine:   Published: window_action_completed
2026-08-10 09:15:25,900 [INFO] desktop.native.desktop_execution_engine: 
============================================================
2026-08-10 09:15:25,900 [INFO] desktop.native.desktop_execution_engine: Desktop Execution Complete
2026-08-10 09:15:25,900 [INFO] desktop.native.desktop_execution_engine: ============================================================
2026-08-10 09:15:25,900 [INFO] desktop.native.desktop_execution_engine: Status: ✓ SUCCESS
2026-08-10 09:15:25,900 [INFO] desktop.native.desktop_execution_engine: Goal: Execute open_app
2026-08-10 09:15:25,900 [INFO] desktop.native.desktop_execution_engine: Capability: app_open
2026-08-10 09:15:25,900 [INFO] desktop.native.desktop_execution_engine: Manager: window
2026-08-10 09:15:25,900 [INFO] desktop.native.desktop_execution_engine: Duration: 318.07ms
2026-08-10 09:15:25,900 [INFO] desktop.native.desktop_execution_engine: Events: ['window_action_completed']
2026-08-10 09:15:25,900 [INFO] desktop.native.desktop_execution_engine: Verification: True
2026-08-10 09:15:25,900 [INFO] desktop.native.desktop_execution_engine: Rollback available: False
2026-08-10 09:15:25,900 [INFO] desktop.native.desktop_execution_engine: Context changes: 0
2026-08-10 09:15:25,900 [INFO] desktop.native.desktop_execution_engine: ============================================================

2026-08-10 09:15:25,900 [WARNING] core.backends.adapters.desktop_backend: [DEBUG_DESKTOP_ENGINE] capability=app_open app_name=open_app res.success=True res.error=None res.data={'window_handle': 132302, 'process_id': 8528, 'reused': True, 'focused': True, 'title': 'm21_unit_persisted.txt - Notepad'}
2026-08-10 09:15:25,900 [INFO] core.orchestration.ownership_tracker: Registered resource [app] 'open_app' owned by 'aura'
2026-08-10 09:15:25,900 [INFO] core.orchestration.world_timeline: TimelineEvent [app_open]: Executed capability 'app_open' for 'open_app'
2026-08-10 09:15:25,900 [INFO] core.backends.adapters.desktop_backend: [DesktopBackend] app_open 'open_app' → SUCCESS | ✓ Open_App is open.
2026-08-10 09:15:26,405 [WARNING] brain.execution_coordinator: [DEBUG_COORD] step=1 action=open_app res_success=True v_report_passed=True evidence=['General window state confidence = 0.98']
2026-08-10 09:15:26,405 [INFO] brain.execution_coordinator: Step 1 succeeded
2026-08-10 09:15:26,407 [INFO] brain.execution_coordinator: Coordinator step 2/3: [browser] browser.navigate
2026-08-10 09:15:26,407 [INFO] core.backends.adapters.browser_backend: Playwright Browser Engine executing capability 'browser.navigate' for goal: 'Execute browser.navigate'
2026-08-10 09:15:26,409 [WARNING] brain.execution_coordinator: [DEBUG_COORD] step=2 action=browser.navigate res_success=True v_report_passed=True evidence=["Browser URL 'https://www.google.com' matched expected 'https://www.google.com' -> True"]
2026-08-10 09:15:26,409 [INFO] brain.execution_coordinator: Step 2 succeeded
2026-08-10 09:15:26,409 [INFO] brain.execution_coordinator: Coordinator step 3/3: [browser] open_app
2026-08-10 09:15:26,409 [INFO] core.backends.adapters.browser_backend: Playwright Browser Engine executing capability 'open_app' for goal: 'Execute open_app'
2026-08-10 09:15:26,409 [WARNING] brain.execution_coordinator: [DEBUG_COORD] step=3 action=open_app res_success=True v_report_passed=False evidence=['Browser page load state confidence = 0.4']
2026-08-10 09:15:26,409 [WARNING] brain.execution_coordinator: Step 3 failed: 
2026-08-10 09:15:26,409 [INFO] brain.execution_coordinator: ExecutionCoordinator completed: success=False (steps=False, goal=False), failed=1/3, time=0.83s
2026-08-10 09:15:26,409 [INFO] h2_g4_g5_diagnostic: G5-run#2 success=False input_type=voice status=FAILED
2026-08-10 09:15:26,409 [INFO] brain.executive.dmm: DMM produced [ExecutionMap:map_a8cf5d7b] goal='Navigate to https://www.google.com' capabilities=['browser', 'desktop'] steps=3
2026-08-10 09:15:26,409 [INFO] brain.execution_coordinator: ExecutionCoordinator coordinating: 'Navigate to https://www.google.com' (3 steps)
2026-08-10 09:15:26,416 [INFO] brain.execution_coordinator: Coordinator step 1/3: [desktop] open_app
2026-08-10 09:15:26,433 [INFO] desktop.native.desktop_execution_engine: 
============================================================
2026-08-10 09:15:26,433 [INFO] desktop.native.desktop_execution_engine: Desktop Execution Engine
2026-08-10 09:15:26,433 [INFO] desktop.native.desktop_execution_engine: ============================================================
2026-08-10 09:15:26,433 [INFO] desktop.native.desktop_execution_engine: Goal: Execute open_app
2026-08-10 09:15:26,436 [INFO] desktop.native.desktop_execution_engine: 
--- Stage: Registry Lookup ---
2026-08-10 09:15:26,436 [INFO] desktop.native.desktop_execution_engine:   Manager: window
2026-08-10 09:15:26,436 [INFO] desktop.native.desktop_execution_engine:   Permission: control
2026-08-10 09:15:26,436 [INFO] desktop.native.desktop_execution_engine:   Risk: low
2026-08-10 09:15:26,436 [INFO] desktop.native.desktop_execution_engine: 
--- Stage: Permission Check ---
2026-08-10 09:15:26,436 [INFO] desktop.native.desktop_execution_engine:   Permission: GRANTED
2026-08-10 09:15:26,436 [INFO] desktop.native.desktop_execution_engine: 
--- Stage: Pipeline Execute ---
2026-08-10 09:15:26,457 [INFO] desktop.native.managers.window_manager: Executing app_open
2026-08-10 09:15:26,477 [INFO] desktop.native.desktop_execution_engine: 
--- Stage: Verification ---
2026-08-10 09:15:26,782 [INFO] desktop.native.desktop_execution_engine:   Passed: True
2026-08-10 09:15:26,782 [INFO] desktop.native.desktop_execution_engine: 
--- Stage: Context Update ---
2026-08-10 09:15:26,782 [INFO] desktop.native.desktop_execution_engine:   Changes: 0
2026-08-10 09:15:26,782 [INFO] desktop.native.desktop_execution_engine: 
--- Stage: Events ---
2026-08-10 09:15:26,782 [INFO] desktop.native.desktop_execution_engine:   Published: window_action_completed
2026-08-10 09:15:26,782 [INFO] desktop.native.desktop_execution_engine: 
============================================================
2026-08-10 09:15:26,782 [INFO] desktop.native.desktop_execution_engine: Desktop Execution Complete
2026-08-10 09:15:26,782 [INFO] desktop.native.desktop_execution_engine: ============================================================
2026-08-10 09:15:26,782 [INFO] desktop.native.desktop_execution_engine: Status: ✓ SUCCESS
2026-08-10 09:15:26,782 [INFO] desktop.native.desktop_execution_engine: Goal: Execute open_app
2026-08-10 09:15:26,782 [INFO] desktop.native.desktop_execution_engine: Capability: app_open
2026-08-10 09:15:26,782 [INFO] desktop.native.desktop_execution_engine: Manager: window
2026-08-10 09:15:26,782 [INFO] desktop.native.desktop_execution_engine: Duration: 349.80ms
2026-08-10 09:15:26,782 [INFO] desktop.native.desktop_execution_engine: Events: ['window_action_completed']
2026-08-10 09:15:26,782 [INFO] desktop.native.desktop_execution_engine: Verification: True
2026-08-10 09:15:26,782 [INFO] desktop.native.desktop_execution_engine: Rollback available: False
2026-08-10 09:15:26,782 [INFO] desktop.native.desktop_execution_engine: Context changes: 0
2026-08-10 09:15:26,782 [INFO] desktop.native.desktop_execution_engine: ============================================================

2026-08-10 09:15:26,782 [WARNING] core.backends.adapters.desktop_backend: [DEBUG_DESKTOP_ENGINE] capability=app_open app_name=open_app res.success=True res.error=None res.data={'window_handle': 132302, 'process_id': 8528, 'reused': True, 'focused': True, 'title': 'm21_unit_persisted.txt - Notepad'}
2026-08-10 09:15:26,782 [INFO] core.orchestration.ownership_tracker: Registered resource [app] 'open_app' owned by 'aura'
2026-08-10 09:15:26,782 [INFO] core.orchestration.world_timeline: TimelineEvent [app_open]: Executed capability 'app_open' for 'open_app'
2026-08-10 09:15:26,782 [INFO] core.backends.adapters.desktop_backend: [DesktopBackend] app_open 'open_app' → SUCCESS | ✓ Open_App is open.
2026-08-10 09:15:27,286 [WARNING] brain.execution_coordinator: [DEBUG_COORD] step=1 action=open_app res_success=True v_report_passed=True evidence=['General window state confidence = 0.98']
2026-08-10 09:15:27,286 [INFO] brain.execution_coordinator: Step 1 succeeded
2026-08-10 09:15:27,286 [INFO] brain.execution_coordinator: Coordinator step 2/3: [browser] browser.navigate
2026-08-10 09:15:27,286 [INFO] core.backends.adapters.browser_backend: Playwright Browser Engine executing capability 'browser.navigate' for goal: 'Execute browser.navigate'
2026-08-10 09:15:27,290 [WARNING] brain.execution_coordinator: [DEBUG_COORD] step=2 action=browser.navigate res_success=True v_report_passed=True evidence=["Browser URL 'https://www.google.com' matched expected 'https://www.google.com' -> True"]
2026-08-10 09:15:27,291 [INFO] brain.execution_coordinator: Step 2 succeeded
2026-08-10 09:15:27,291 [INFO] brain.execution_coordinator: Coordinator step 3/3: [browser] open_app
2026-08-10 09:15:27,291 [INFO] core.backends.adapters.browser_backend: Playwright Browser Engine executing capability 'open_app' for goal: 'Execute open_app'
2026-08-10 09:15:27,291 [WARNING] brain.execution_coordinator: [DEBUG_COORD] step=3 action=open_app res_success=True v_report_passed=False evidence=['Browser page load state confidence = 0.4']
2026-08-10 09:15:27,291 [WARNING] brain.execution_coordinator: Step 3 failed: 
2026-08-10 09:15:27,291 [INFO] brain.execution_coordinator: ExecutionCoordinator completed: success=False (steps=False, goal=False), failed=1/3, time=0.88s
2026-08-10 09:15:27,291 [INFO] h2_g4_g5_diagnostic: G5-run#3 success=False input_type=voice status=FAILED
2026-08-10 09:15:27,291 [INFO] brain.executive.dmm: DMM produced [ExecutionMap:map_15f6cf34] goal='Navigate to https://www.google.com' capabilities=['browser', 'desktop'] steps=3
2026-08-10 09:15:27,291 [INFO] brain.execution_coordinator: ExecutionCoordinator coordinating: 'Navigate to https://www.google.com' (3 steps)
2026-08-10 09:15:27,291 [INFO] brain.execution_coordinator: Coordinator step 1/3: [desktop] open_app
2026-08-10 09:15:27,307 [INFO] desktop.native.desktop_execution_engine: 
============================================================
2026-08-10 09:15:27,307 [INFO] desktop.native.desktop_execution_engine: Desktop Execution Engine
2026-08-10 09:15:27,307 [INFO] desktop.native.desktop_execution_engine: ============================================================
2026-08-10 09:15:27,307 [INFO] desktop.native.desktop_execution_engine: Goal: Execute open_app
2026-08-10 09:15:27,307 [INFO] desktop.native.desktop_execution_engine: 
--- Stage: Registry Lookup ---
2026-08-10 09:15:27,314 [INFO] desktop.native.desktop_execution_engine:   Manager: window
2026-08-10 09:15:27,314 [INFO] desktop.native.desktop_execution_engine:   Permission: control
2026-08-10 09:15:27,314 [INFO] desktop.native.desktop_execution_engine:   Risk: low
2026-08-10 09:15:27,315 [INFO] desktop.native.desktop_execution_engine: 
--- Stage: Permission Check ---
2026-08-10 09:15:27,315 [INFO] desktop.native.desktop_execution_engine:   Permission: GRANTED
2026-08-10 09:15:27,316 [INFO] desktop.native.desktop_execution_engine: 
--- Stage: Pipeline Execute ---
2026-08-10 09:15:27,323 [INFO] desktop.native.managers.window_manager: Executing app_open
2026-08-10 09:15:27,348 [INFO] desktop.native.desktop_execution_engine: 
--- Stage: Verification ---
2026-08-10 09:15:27,655 [INFO] desktop.native.desktop_execution_engine:   Passed: True
2026-08-10 09:15:27,655 [INFO] desktop.native.desktop_execution_engine: 
--- Stage: Context Update ---
2026-08-10 09:15:27,655 [INFO] desktop.native.desktop_execution_engine:   Changes: 0
2026-08-10 09:15:27,655 [INFO] desktop.native.desktop_execution_engine: 
--- Stage: Events ---
2026-08-10 09:15:27,655 [INFO] desktop.native.desktop_execution_engine:   Published: window_action_completed
2026-08-10 09:15:27,655 [INFO] desktop.native.desktop_execution_engine: 
============================================================
2026-08-10 09:15:27,655 [INFO] desktop.native.desktop_execution_engine: Desktop Execution Complete
2026-08-10 09:15:27,655 [INFO] desktop.native.desktop_execution_engine: ============================================================
2026-08-10 09:15:27,655 [INFO] desktop.native.desktop_execution_engine: Status: ✓ SUCCESS
2026-08-10 09:15:27,655 [INFO] desktop.native.desktop_execution_engine: Goal: Execute open_app
2026-08-10 09:15:27,655 [INFO] desktop.native.desktop_execution_engine: Capability: app_open
2026-08-10 09:15:27,655 [INFO] desktop.native.desktop_execution_engine: Manager: window
2026-08-10 09:15:27,655 [INFO] desktop.native.desktop_execution_engine: Duration: 345.77ms
2026-08-10 09:15:27,655 [INFO] desktop.native.desktop_execution_engine: Events: ['window_action_completed']
2026-08-10 09:15:27,655 [INFO] desktop.native.desktop_execution_engine: Verification: True
2026-08-10 09:15:27,655 [INFO] desktop.native.desktop_execution_engine: Rollback available: False
2026-08-10 09:15:27,655 [INFO] desktop.native.desktop_execution_engine: Context changes: 0
2026-08-10 09:15:27,655 [INFO] desktop.native.desktop_execution_engine: ============================================================

2026-08-10 09:15:27,655 [WARNING] core.backends.adapters.desktop_backend: [DEBUG_DESKTOP_ENGINE] capability=app_open app_name=open_app res.success=True res.error=None res.data={'window_handle': 132302, 'process_id': 8528, 'reused': True, 'focused': True, 'title': 'm21_unit_persisted.txt - Notepad'}
2026-08-10 09:15:27,655 [INFO] core.orchestration.ownership_tracker: Registered resource [app] 'open_app' owned by 'aura'
2026-08-10 09:15:27,655 [INFO] core.orchestration.world_timeline: TimelineEvent [app_open]: Executed capability 'app_open' for 'open_app'
2026-08-10 09:15:27,655 [INFO] core.backends.adapters.desktop_backend: [DesktopBackend] app_open 'open_app' → SUCCESS | ✓ Open_App is open.
2026-08-10 09:15:28,160 [WARNING] brain.execution_coordinator: [DEBUG_COORD] step=1 action=open_app res_success=True v_report_passed=True evidence=['General window state confidence = 0.98']
2026-08-10 09:15:28,160 [INFO] brain.execution_coordinator: Step 1 succeeded
2026-08-10 09:15:28,160 [INFO] brain.execution_coordinator: Coordinator step 2/3: [browser] browser.navigate
2026-08-10 09:15:28,160 [INFO] core.backends.adapters.browser_backend: Playwright Browser Engine executing capability 'browser.navigate' for goal: 'Execute browser.navigate'
2026-08-10 09:15:28,164 [WARNING] brain.execution_coordinator: [DEBUG_COORD] step=2 action=browser.navigate res_success=True v_report_passed=True evidence=["Browser URL 'https://www.google.com' matched expected 'https://www.google.com' -> True"]
2026-08-10 09:15:28,164 [INFO] brain.execution_coordinator: Step 2 succeeded
2026-08-10 09:15:28,164 [INFO] brain.execution_coordinator: Coordinator step 3/3: [browser] open_app
2026-08-10 09:15:28,164 [INFO] core.backends.adapters.browser_backend: Playwright Browser Engine executing capability 'open_app' for goal: 'Execute open_app'
2026-08-10 09:15:28,164 [WARNING] brain.execution_coordinator: [DEBUG_COORD] step=3 action=open_app res_success=True v_report_passed=False evidence=['Browser page load state confidence = 0.4']
2026-08-10 09:15:28,164 [WARNING] brain.execution_coordinator: Step 3 failed: 
2026-08-10 09:15:28,164 [INFO] brain.execution_coordinator: ExecutionCoordinator completed: success=False (steps=False, goal=False), failed=1/3, time=0.87s
2026-08-10 09:15:28,164 [INFO] h2_g4_g5_diagnostic: G5-run#4 success=False input_type=voice status=FAILED
2026-08-10 09:15:28,164 [INFO] brain.executive.dmm: DMM produced [ExecutionMap:map_81985971] goal='Navigate to https://www.google.com' capabilities=['browser', 'desktop'] steps=3
2026-08-10 09:15:28,164 [INFO] brain.execution_coordinator: ExecutionCoordinator coordinating: 'Navigate to https://www.google.com' (3 steps)
2026-08-10 09:15:28,164 [INFO] brain.execution_coordinator: Coordinator step 1/3: [desktop] open_app
2026-08-10 09:15:28,187 [INFO] desktop.native.desktop_execution_engine: 
============================================================
2026-08-10 09:15:28,189 [INFO] desktop.native.desktop_execution_engine: Desktop Execution Engine
2026-08-10 09:15:28,189 [INFO] desktop.native.desktop_execution_engine: ============================================================
2026-08-10 09:15:28,189 [INFO] desktop.native.desktop_execution_engine: Goal: Execute open_app
2026-08-10 09:15:28,189 [INFO] desktop.native.desktop_execution_engine: 
--- Stage: Registry Lookup ---
2026-08-10 09:15:28,189 [INFO] desktop.native.desktop_execution_engine:   Manager: window
2026-08-10 09:15:28,189 [INFO] desktop.native.desktop_execution_engine:   Permission: control
2026-08-10 09:15:28,189 [INFO] desktop.native.desktop_execution_engine:   Risk: low
2026-08-10 09:15:28,191 [INFO] desktop.native.desktop_execution_engine: 
--- Stage: Permission Check ---
2026-08-10 09:15:28,191 [INFO] desktop.native.desktop_execution_engine:   Permission: GRANTED
2026-08-10 09:15:28,191 [INFO] desktop.native.desktop_execution_engine: 
--- Stage: Pipeline Execute ---
2026-08-10 09:15:28,205 [INFO] desktop.native.managers.window_manager: Executing app_open
2026-08-10 09:15:28,213 [INFO] desktop.native.desktop_execution_engine: 
--- Stage: Verification ---
2026-08-10 09:15:28,537 [INFO] desktop.native.desktop_execution_engine:   Passed: True
2026-08-10 09:15:28,538 [INFO] desktop.native.desktop_execution_engine: 
--- Stage: Context Update ---
2026-08-10 09:15:28,538 [INFO] desktop.native.desktop_execution_engine:   Changes: 0
2026-08-10 09:15:28,538 [INFO] desktop.native.desktop_execution_engine: 
--- Stage: Events ---
2026-08-10 09:15:28,538 [INFO] desktop.native.desktop_execution_engine:   Published: window_action_completed
2026-08-10 09:15:28,538 [INFO] desktop.native.desktop_execution_engine: 
============================================================
2026-08-10 09:15:28,538 [INFO] desktop.native.desktop_execution_engine: Desktop Execution Complete
2026-08-10 09:15:28,538 [INFO] desktop.native.desktop_execution_engine: ============================================================
2026-08-10 09:15:28,538 [INFO] desktop.native.desktop_execution_engine: Status: ✓ SUCCESS
2026-08-10 09:15:28,538 [INFO] desktop.native.desktop_execution_engine: Goal: Execute open_app
2026-08-10 09:15:28,538 [INFO] desktop.native.desktop_execution_engine: Capability: app_open
2026-08-10 09:15:28,541 [INFO] desktop.native.desktop_execution_engine: Manager: window
2026-08-10 09:15:28,541 [INFO] desktop.native.desktop_execution_engine: Duration: 351.54ms
2026-08-10 09:15:28,541 [INFO] desktop.native.desktop_execution_engine: Events: ['window_action_completed']
2026-08-10 09:15:28,541 [INFO] desktop.native.desktop_execution_engine: Verification: True
2026-08-10 09:15:28,541 [INFO] desktop.native.desktop_execution_engine: Rollback available: False
2026-08-10 09:15:28,541 [INFO] desktop.native.desktop_execution_engine: Context changes: 0
2026-08-10 09:15:28,541 [INFO] desktop.native.desktop_execution_engine: ============================================================

2026-08-10 09:15:28,541 [WARNING] core.backends.adapters.desktop_backend: [DEBUG_DESKTOP_ENGINE] capability=app_open app_name=open_app res.success=True res.error=None res.data={'window_handle': 132302, 'process_id': 8528, 'reused': True, 'focused': True, 'title': 'm21_unit_persisted.txt - Notepad'}
2026-08-10 09:15:28,541 [INFO] core.orchestration.ownership_tracker: Registered resource [app] 'open_app' owned by 'aura'
2026-08-10 09:15:28,541 [INFO] core.orchestration.world_timeline: TimelineEvent [app_open]: Executed capability 'app_open' for 'open_app'
2026-08-10 09:15:28,541 [INFO] core.backends.adapters.desktop_backend: [DesktopBackend] app_open 'open_app' → SUCCESS | ✓ Open_App is open.
2026-08-10 09:15:29,045 [WARNING] brain.execution_coordinator: [DEBUG_COORD] step=1 action=open_app res_success=True v_report_passed=True evidence=['General window state confidence = 0.98']
2026-08-10 09:15:29,046 [INFO] brain.execution_coordinator: Step 1 succeeded
2026-08-10 09:15:29,046 [INFO] brain.execution_coordinator: Coordinator step 2/3: [browser] browser.navigate
2026-08-10 09:15:29,046 [INFO] core.backends.adapters.browser_backend: Playwright Browser Engine executing capability 'browser.navigate' for goal: 'Execute browser.navigate'
2026-08-10 09:15:29,046 [WARNING] brain.execution_coordinator: [DEBUG_COORD] step=2 action=browser.navigate res_success=True v_report_passed=True evidence=["Browser URL 'https://www.google.com' matched expected 'https://www.google.com' -> True"]
2026-08-10 09:15:29,046 [INFO] brain.execution_coordinator: Step 2 succeeded
2026-08-10 09:15:29,046 [INFO] brain.execution_coordinator: Coordinator step 3/3: [browser] open_app
2026-08-10 09:15:29,046 [INFO] core.backends.adapters.browser_backend: Playwright Browser Engine executing capability 'open_app' for goal: 'Execute open_app'
2026-08-10 09:15:29,046 [WARNING] brain.execution_coordinator: [DEBUG_COORD] step=3 action=open_app res_success=True v_report_passed=False evidence=['Browser page load state confidence = 0.4']
2026-08-10 09:15:29,046 [WARNING] brain.execution_coordinator: Step 3 failed: 
2026-08-10 09:15:29,046 [INFO] brain.execution_coordinator: ExecutionCoordinator completed: success=False (steps=False, goal=False), failed=1/3, time=0.88s
2026-08-10 09:15:29,046 [INFO] h2_g4_g5_diagnostic: G5-run#5 success=False input_type=voice status=FAILED
2026-08-10 09:15:29,053 [INFO] brain.executive.dmm: DMM produced [ExecutionMap:map_3c34d475] goal='Navigate to https://www.google.com' capabilities=['browser', 'desktop'] steps=3
2026-08-10 09:15:29,054 [INFO] brain.execution_coordinator: ExecutionCoordinator coordinating: 'Navigate to https://www.google.com' (3 steps)
2026-08-10 09:15:29,054 [INFO] brain.execution_coordinator: Coordinator step 1/3: [desktop] open_app
2026-08-10 09:15:29,070 [INFO] desktop.native.desktop_execution_engine: 
============================================================
2026-08-10 09:15:29,070 [INFO] desktop.native.desktop_execution_engine: Desktop Execution Engine
2026-08-10 09:15:29,070 [INFO] desktop.native.desktop_execution_engine: ============================================================
2026-08-10 09:15:29,070 [INFO] desktop.native.desktop_execution_engine: Goal: Execute open_app
2026-08-10 09:15:29,070 [INFO] desktop.native.desktop_execution_engine: 
--- Stage: Registry Lookup ---
2026-08-10 09:15:29,070 [INFO] desktop.native.desktop_execution_engine:   Manager: window
2026-08-10 09:15:29,070 [INFO] desktop.native.desktop_execution_engine:   Permission: control
2026-08-10 09:15:29,077 [INFO] desktop.native.desktop_execution_engine:   Risk: low
2026-08-10 09:15:29,077 [INFO] desktop.native.desktop_execution_engine: 
--- Stage: Permission Check ---
2026-08-10 09:15:29,077 [INFO] desktop.native.desktop_execution_engine:   Permission: GRANTED
2026-08-10 09:15:29,078 [INFO] desktop.native.desktop_execution_engine: 
--- Stage: Pipeline Execute ---
2026-08-10 09:15:29,087 [INFO] desktop.native.managers.window_manager: Executing app_open
2026-08-10 09:15:29,103 [INFO] desktop.native.desktop_execution_engine: 
--- Stage: Verification ---
2026-08-10 09:15:29,420 [INFO] desktop.native.desktop_execution_engine:   Passed: True
2026-08-10 09:15:29,420 [INFO] desktop.native.desktop_execution_engine: 
--- Stage: Context Update ---
2026-08-10 09:15:29,420 [INFO] desktop.native.desktop_execution_engine:   Changes: 0
2026-08-10 09:15:29,420 [INFO] desktop.native.desktop_execution_engine: 
--- Stage: Events ---
2026-08-10 09:15:29,427 [INFO] desktop.native.desktop_execution_engine:   Published: window_action_completed
2026-08-10 09:15:29,428 [INFO] desktop.native.desktop_execution_engine: 
============================================================
2026-08-10 09:15:29,428 [INFO] desktop.native.desktop_execution_engine: Desktop Execution Complete
2026-08-10 09:15:29,428 [INFO] desktop.native.desktop_execution_engine: ============================================================
2026-08-10 09:15:29,428 [INFO] desktop.native.desktop_execution_engine: Status: ✓ SUCCESS
2026-08-10 09:15:29,428 [INFO] desktop.native.desktop_execution_engine: Goal: Execute open_app
2026-08-10 09:15:29,428 [INFO] desktop.native.desktop_execution_engine: Capability: app_open
2026-08-10 09:15:29,428 [INFO] desktop.native.desktop_execution_engine: Manager: window
2026-08-10 09:15:29,428 [INFO] desktop.native.desktop_execution_engine: Duration: 353.10ms
2026-08-10 09:15:29,428 [INFO] desktop.native.desktop_execution_engine: Events: ['window_action_completed']
2026-08-10 09:15:29,428 [INFO] desktop.native.desktop_execution_engine: Verification: True
2026-08-10 09:15:29,428 [INFO] desktop.native.desktop_execution_engine: Rollback available: False
2026-08-10 09:15:29,428 [INFO] desktop.native.desktop_execution_engine: Context changes: 0
2026-08-10 09:15:29,428 [INFO] desktop.native.desktop_execution_engine: ============================================================

2026-08-10 09:15:29,428 [WARNING] core.backends.adapters.desktop_backend: [DEBUG_DESKTOP_ENGINE] capability=app_open app_name=open_app res.success=True res.error=None res.data={'window_handle': 132302, 'process_id': 8528, 'reused': True, 'focused': True, 'title': 'm21_unit_persisted.txt - Notepad'}
2026-08-10 09:15:29,428 [INFO] core.orchestration.ownership_tracker: Registered resource [app] 'open_app' owned by 'aura'
2026-08-10 09:15:29,428 [INFO] core.orchestration.world_timeline: TimelineEvent [app_open]: Executed capability 'app_open' for 'open_app'
2026-08-10 09:15:29,428 [INFO] core.backends.adapters.desktop_backend: [DesktopBackend] app_open 'open_app' → SUCCESS | ✓ Open_App is open.
2026-08-10 09:15:29,936 [WARNING] brain.execution_coordinator: [DEBUG_COORD] step=1 action=open_app res_success=True v_report_passed=True evidence=['General window state confidence = 0.98']
2026-08-10 09:15:29,936 [INFO] brain.execution_coordinator: Step 1 succeeded
2026-08-10 09:15:29,936 [INFO] brain.execution_coordinator: Coordinator step 2/3: [browser] browser.navigate
2026-08-10 09:15:29,936 [INFO] core.backends.adapters.browser_backend: Playwright Browser Engine executing capability 'browser.navigate' for goal: 'Execute browser.navigate'
2026-08-10 09:15:29,936 [WARNING] brain.execution_coordinator: [DEBUG_COORD] step=2 action=browser.navigate res_success=True v_report_passed=True evidence=["Browser URL 'https://www.google.com' matched expected 'https://www.google.com' -> True"]
2026-08-10 09:15:29,936 [INFO] brain.execution_coordinator: Step 2 succeeded
2026-08-10 09:15:29,936 [INFO] brain.execution_coordinator: Coordinator step 3/3: [browser] open_app
2026-08-10 09:15:29,936 [INFO] core.backends.adapters.browser_backend: Playwright Browser Engine executing capability 'open_app' for goal: 'Execute open_app'
2026-08-10 09:15:29,936 [WARNING] brain.execution_coordinator: [DEBUG_COORD] step=3 action=open_app res_success=True v_report_passed=False evidence=['Browser page load state confidence = 0.4']
2026-08-10 09:15:29,936 [WARNING] brain.execution_coordinator: Step 3 failed: 
2026-08-10 09:15:29,936 [INFO] brain.execution_coordinator: ExecutionCoordinator completed: success=False (steps=False, goal=False), failed=1/3, time=0.88s
2026-08-10 09:15:29,936 [INFO] h2_g4_g5_diagnostic: G5-run#6 success=False input_type=voice status=FAILED
2026-08-10 09:15:29,936 [ERROR] voice.voice_manager: Failed to add text to TTS
2026-08-10 09:15:29,936 [INFO] h2_g4_g5_diagnostic: G5 vm.speak returned False
2026-08-10 09:15:29,936 [ERROR] voice.tts_manager: Unsupported speaker: edge_tts
2026-08-10 09:15:29,936 [INFO] h2_g4_g5_diagnostic: Wrote D:\Sreekanta\VS Code Project\Desktop AI\AuraAI\artifacts\phase6\h2_g4_g5_diagnostic.json
2026-08-10 09:15:29,936 [INFO] voice.voice_manager: Voice system stopped
2026-08-10 09:15:29,936 [INFO] voice.continuous_loop: ContinuousVoiceLoop stopped
2026-08-10 09:15:29,936 [INFO] autonomy.event_runtime: [EventRuntime] Stopped proactive event runtime.
