======================================================================
RAW PLAYWRIGHT LIVE NAVIGATION PROBE LOG
======================================================================

{
  "test_cases": [
    {
      "test_name": "data:text/html",
      "url": "data:text/html,<h1>Test Page</h1>",
      "timing": {
        "start": "2026-08-14T19:38:41.914832",
        "end": "2026-08-14T19:38:44.689261",
        "total_duration": 2.774429
      },
      "page_data": {
        "navigate_success": true,
        "navigate_time": 0.052481,
        "status_code": 200,
        "title": "",
        "url": "data:text/html,<h1>Test Page</h1>",
        "body_available": true,
        "body_preview": "Test Page",
        "current_url": "data:text/html,<h1>Test Page</h1>",
        "console_errors": [],
        "no_orphan_processes": false,
        "transformation_detected": false,
        "verification_passed": true,
        "verification_evidence": [
          "All steps verified successfully."
        ],
        "status": "PASS"
      },
      "status": "PASS"
    },
    {
      "test_name": "https://www.google.com",
      "url": "https://www.google.com",
      "timing": {
        "start": "2026-08-14T19:38:44.689261",
        "end": "2026-08-14T19:38:47.607993",
        "total_duration": 2.918732
      },
      "page_data": {
        "navigate_success": true,
        "navigate_time": 1.694484,
        "status_code": 200,
        "title": "Google",
        "url": "https://www.google.com/",
        "body_available": true,
        "body_preview": "About\nStore\nGmailImages\nSign in\nAI Mode\n \nMeet everything new from Google, from your pocket to your wrist\nGoogle offered in: \u0939\u093f\u0928\u094d\u0926\u0940 \u09ac\u09be\u0982\u09b2\u09be \u0c24\u0c46\u0c32\u0c41\u0c17\u0c41 \u092e\u0930\u093e\u0920\u0940 \u0ba4\u0bae\u0bbf\u0bb4\u0bcd \u0a97\u0ac1\u0a9c\u0ab0\u0abe\u0aa4\u0ac0 \u0c95\u0ca8\u0ccd\u0ca8\u0ca1 \u0d2e\u0d32\u0d2f\u0d3e\u0d33\u0d02 \u0a2a\u0a70\u0a1c\u0a3e\u0a2c\u0a40\nIndia\nAdvertisi",
        "current_url": "https://www.google.com/?zx=1786716526851",
        "console_errors": [],
        "no_orphan_processes": false,
        "transformation_detected": false,
        "verification_passed": true,
        "verification_evidence": [
          "All steps verified successfully."
        ],
        "status": "PASS"
      },
      "status": "PASS"
    },
    {
      "test_name": "https://x.com",
      "url": "https://x.com",
      "timing": {
        "start": "2026-08-14T19:38:47.607993",
        "end": "2026-08-14T19:38:50.079412",
        "total_duration": 2.471419
      },
      "page_data": {
        "navigate_success": true,
        "navigate_time": 1.683576,
        "status_code": 200,
        "title": "X. It\u2019s what\u2019s happening / X",
        "url": "https://x.com/",
        "body_available": true,
        "body_preview": "Happening now.\nContinue with phone\nContinue with Google\nContinue with Apple\nor\nEmail or username\nContinue\n\nBy continuing, you agree to our Terms of Service, Privacy Policy and Cookie Use.\n\nAbout\n\u00b7\nGet",
        "current_url": "https://x.com/",
        "console_errors": [],
        "no_orphan_processes": false,
        "transformation_detected": false,
        "verification_passed": true,
        "verification_evidence": [
          "All steps verified successfully."
        ],
        "status": "PASS"
      },
      "status": "PASS"
    }
  ],
  "summary": {
    "timestamp": "2026-08-14T19:38:50.081420",
    "g4_browser_engine": true,
    "g4_planner_routing": true,
    "g4_goal_verification": true,
    "test_cases": [
      {
        "test_name": "data:text/html",
        "url": "data:text/html,<h1>Test Page</h1>",
        "timing": {
          "start": "2026-08-14T19:38:41.914832",
          "end": "2026-08-14T19:38:44.689261",
          "total_duration": 2.774429
        },
        "page_data": {
          "navigate_success": true,
          "navigate_time": 0.052481,
          "status_code": 200,
          "title": "",
          "url": "data:text/html,<h1>Test Page</h1>",
          "body_available": true,
          "body_preview": "Test Page",
          "current_url": "data:text/html,<h1>Test Page</h1>",
          "console_errors": [],
          "no_orphan_processes": false,
          "transformation_detected": false,
          "verification_passed": true,
          "verification_evidence": [
            "All steps verified successfully."
          ],
          "status": "PASS"
        },
        "status": "PASS"
      },
      {
        "test_name": "https://www.google.com",
        "url": "https://www.google.com",
        "timing": {
          "start": "2026-08-14T19:38:44.689261",
          "end": "2026-08-14T19:38:47.607993",
          "total_duration": 2.918732
        },
        "page_data": {
          "navigate_success": true,
          "navigate_time": 1.694484,
          "status_code": 200,
          "title": "Google",
          "url": "https://www.google.com/",
          "body_available": true,
          "body_preview": "About\nStore\nGmailImages\nSign in\nAI Mode\n \nMeet everything new from Google, from your pocket to your wrist\nGoogle offered in: \u0939\u093f\u0928\u094d\u0926\u0940 \u09ac\u09be\u0982\u09b2\u09be \u0c24\u0c46\u0c32\u0c41\u0c17\u0c41 \u092e\u0930\u093e\u0920\u0940 \u0ba4\u0bae\u0bbf\u0bb4\u0bcd \u0a97\u0ac1\u0a9c\u0ab0\u0abe\u0aa4\u0ac0 \u0c95\u0ca8\u0ccd\u0ca8\u0ca1 \u0d2e\u0d32\u0d2f\u0d3e\u0d33\u0d02 \u0a2a\u0a70\u0a1c\u0a3e\u0a2c\u0a40\nIndia\nAdvertisi",
          "current_url": "https://www.google.com/?zx=1786716526851",
          "console_errors": [],
          "no_orphan_processes": false,
          "transformation_detected": false,
          "verification_passed": true,
          "verification_evidence": [
            "All steps verified successfully."
          ],
          "status": "PASS"
        },
        "status": "PASS"
      },
      {
        "test_name": "https://x.com",
        "url": "https://x.com",
        "timing": {
          "start": "2026-08-14T19:38:47.607993",
          "end": "2026-08-14T19:38:50.079412",
          "total_duration": 2.471419
        },
        "page_data": {
          "navigate_success": true,
          "navigate_time": 1.683576,
          "status_code": 200,
          "title": "X. It\u2019s what\u2019s happening / X",
          "url": "https://x.com/",
          "body_available": true,
          "body_preview": "Happening now.\nContinue with phone\nContinue with Google\nContinue with Apple\nor\nEmail or username\nContinue\n\nBy continuing, you agree to our Terms of Service, Privacy Policy and Cookie Use.\n\nAbout\n\u00b7\nGet",
          "current_url": "https://x.com/",
          "console_errors": [],
          "no_orphan_processes": false,
          "transformation_detected": false,
          "verification_passed": true,
          "verification_evidence": [
            "All steps verified successfully."
          ],
          "status": "PASS"
        },
        "status": "PASS"
      }
    ]
  }
}